Program (1)
  ExtDefList (1)
    ExtDef (1)
      Specifier (1)
        TYPE: int
      FunDec (1)
        ID: main
        LP
        RP
      CompSt (1)
        LC
        DefList (2)
          Def (2)
            Specifier (2)
              TYPE: int
            DecList (2)
              Dec (2)
                VarDec (2)
                  ID: i
              COMMA
              DecList (2)
                Dec (2)
                  VarDec (2)
                    ID: j
                COMMA
                DecList (2)
                  Dec (2)
                    VarDec (2)
                      ID: m
                  COMMA
                  DecList (2)
                    Dec (2)
                      VarDec (2)
                        ID: n
                    COMMA
                    DecList (2)
                      Dec (2)
                        VarDec (2)
                          ID: sum
            SEMI
        StmtList (4)
          Stmt (4)
            Exp (4)
              Exp (4)
                ID: sum
              ASSIGN
              Exp (4)
                INT: 0
            SEMI
          StmtList (5)
            Stmt (5)
              Exp (5)
                Exp (5)
                  ID: m
                ASSIGN
                Exp (5)
                  INT: 32
              SEMI
            StmtList (6)
              Stmt (6)
                Exp (6)
                  Exp (6)
                    ID: n
                  ASSIGN
                  Exp (6)
                    INT: 64
                SEMI
              StmtList (8)
                Stmt (8)
                  FOR
                  LP
                  Exp (8)
                    Exp (8)
                      ID: i
                    ASSIGN
                    Exp (8)
                      INT: 0
                  SEMI
                  Exp (8)
                    Exp (8)
                      ID: i
                    LT
                    Exp (8)
                      ID: m
                  SEMI
                  Exp (8)
                    Exp (8)
                      ID: i
                    ASSIGN
                    Exp (8)
                      Exp (8)
                        ID: i
                      PLUS
                      Exp (8)
                        INT: 1
                  RP
                  Stmt (8)
                    CompSt (8)
                      LC
                      StmtList (9)
                        Stmt (9)
                          FOR
                          LP
                          Exp (9)
                            Exp (9)
                              ID: j
                            ASSIGN
                            Exp (9)
                              ID: i
                          SEMI
                          Exp (9)
                            Exp (9)
                              ID: j
                            LT
                            Exp (9)
                              ID: n
                          SEMI
                          Exp (9)
                            Exp (9)
                              ID: j
                            ASSIGN
                            Exp (9)
                              Exp (9)
                                ID: j
                              PLUS
                              Exp (9)
                                INT: 1
                          RP
                          Stmt (10)
                            Exp (10)
                              Exp (10)
                                ID: sum
                              ASSIGN
                              Exp (10)
                                Exp (10)
                                  Exp (10)
                                    ID: sum
                                  PLUS
                                  Exp (10)
                                    ID: i
                                PLUS
                                Exp (10)
                                  ID: j
                            SEMI
                      RC
                StmtList (13)
                  Stmt (13)
                    FOR
                    LP
                    SEMI
                    SEMI
                    RP
                    Stmt (14)
                      Exp (14)
                        ID: putchar
                        LP
                        Args (14)
                          Exp (14)
                            CHAR: ' '
                        RP
                      SEMI
                  StmtList (16)
                    Stmt (16)
                      RETURN
                      Exp (16)
                        INT: 0
                      SEMI
        RC
