Program (1)
  ExtDefList (1)
    ExtDef (1)
      Specifier (1)
        TYPE: int
      FunDec (1)
        ID: positive_negative
        LP
        RP
      CompSt (1)
        LC
        DefList (2)
          Def (2)
            Specifier (2)
              TYPE: int
            DecList (2)
              Dec (2)
                VarDec (2)
                  ID: pos
                ASSIGN
                Exp (2)
                  PLUS
                  Exp (2)
                    INT: 100
            SEMI
          DefList (3)
            Def (3)
              Specifier (3)
                TYPE: float
              DecList (3)
                Dec (3)
                  VarDec (3)
                    ID: neg
                  ASSIGN
                  Exp (3)
                    MINUS
                    Exp (3)
                      FLOAT: 2.333000
              SEMI
        StmtList (4)
          Stmt (4)
            RETURN
            Exp (4)
              INT: 0
            SEMI
        RC
