Error type B at Line 4: Statement precede declaration
